// Jest Snapshot v1, https://goo.gl/fbAQLP

exports[`QuestionsMenu should match a snapshot 1`] = `
<div
  className="questions-menu"
>
  <div
    className="questions-header"
  >
    <button
      className="questions-button"
      onClick={[Function]}
      type="button"
    >
      Quest√µes
    </button>
  </div>
</div>
`;
